// Jest Snapshot v1, https://goo.gl/fbAQLP

exports[`should render a SampleComponentContainer with a default SampleComponentView 1`] = `
<ApplicationLoadingOverlay
  backgroundStyle="clear"
  isOpen={true}
/>
`;
